\BOOKMARK [1][-]{section*.5}{\376\377\000T\000e\000r\000m\000i\000n\000o\000l\000o\000g\000y\000\040\000/\000\040\000N\000o\000t\000a\000t\000i\000o\000n}{}% 1
\BOOKMARK [1][-]{section.1}{\376\377\000I\000n\000t\000r\000o\000d\000u\000c\000t\000i\000o\000n}{}% 2
\BOOKMARK [2][-]{subsection.1.1}{\376\377\000B\000a\000c\000k\000g\000r\000o\000u\000n\000d\000\040\000a\000n\000d\000\040\000M\000o\000t\000i\000v\000a\000t\000i\000o\000n}{section.1}% 3
\BOOKMARK [2][-]{subsection.1.2}{\376\377\000P\000r\000o\000b\000l\000e\000m\000\040\000S\000t\000a\000t\000e\000m\000e\000n\000t}{section.1}% 4
\BOOKMARK [2][-]{subsection.1.3}{\376\377\000A\000i\000m}{section.1}% 5
\BOOKMARK [2][-]{subsection.1.4}{\376\377\000R\000e\000s\000e\000a\000r\000c\000h\000\040\000Q\000u\000e\000s\000t\000i\000o\000n\000s}{section.1}% 6
\BOOKMARK [2][-]{subsection.1.5}{\376\377\000S\000c\000o\000p\000e}{section.1}% 7
\BOOKMARK [2][-]{subsection.1.6}{\376\377\000R\000e\000p\000o\000r\000t\000\040\000O\000u\000t\000l\000i\000n\000e}{section.1}% 8
\BOOKMARK [1][-]{section.2}{\376\377\000T\000h\000e\000o\000r\000y\000\040\000a\000n\000d\000\040\000R\000e\000l\000a\000t\000e\000d\000\040\000W\000o\000r\000k}{}% 9
\BOOKMARK [2][-]{subsection.2.1}{\376\377\000W\000o\000r\000k\000f\000l\000o\000w\000\040\000A\000u\000t\000o\000m\000a\000t\000i\000o\000n\000\040\000a\000n\000d\000\040\000O\000r\000c\000h\000e\000s\000t\000r\000a\000t\000i\000o\000n}{section.2}% 10
\BOOKMARK [2][-]{subsection.2.2}{\376\377\000I\000o\000T\000\040\000E\000v\000e\000n\000t\000-\000A\000c\000t\000i\000o\000n\000\040\000S\000y\000s\000t\000e\000m\000s\000\040\000a\000n\000d\000\040\000E\000d\000g\000e\000\040\000C\000o\000m\000p\000u\000t\000i\000n\000g}{section.2}% 11
\BOOKMARK [2][-]{subsection.2.3}{\376\377\000M\000i\000d\000d\000l\000e\000w\000a\000r\000e\000\040\000a\000n\000d\000\040\000A\000P\000I\000\040\000B\000o\000u\000n\000d\000a\000r\000i\000e\000s}{section.2}% 12
\BOOKMARK [2][-]{subsection.2.4}{\376\377\000S\000t\000r\000u\000c\000t\000u\000r\000e\000d\000\040\000D\000a\000t\000a\000,\000\040\000J\000S\000O\000N\000\040\000C\000o\000n\000t\000r\000a\000c\000t\000s\000,\000\040\000a\000n\000d\000\040\000V\000a\000l\000i\000d\000a\000t\000i\000o\000n}{section.2}% 13
\BOOKMARK [2][-]{subsection.2.5}{\376\377\000D\000e\000t\000e\000r\000m\000i\000n\000i\000s\000t\000i\000c\000\040\000W\000o\000r\000k\000f\000l\000o\000w\000s}{section.2}% 14
\BOOKMARK [2][-]{subsection.2.6}{\376\377\000M\000i\000n\000i\000m\000a\000l\000\040\000A\000g\000e\000n\000t\000-\000E\000n\000h\000a\000n\000c\000e\000d\000\040\000W\000o\000r\000k\000f\000l\000o\000w\000s}{section.2}% 15
\BOOKMARK [2][-]{subsection.2.7}{\376\377\000S\000a\000f\000e\000t\000y\000,\000\040\000V\000a\000l\000i\000d\000a\000t\000i\000o\000n\000,\000\040\000a\000n\000d\000\040\000H\000u\000m\000a\000n\000-\000i\000n\000-\000t\000h\000e\000-\000L\000o\000o\000p\000\040\000C\000o\000n\000c\000e\000p\000t\000s}{section.2}% 16
\BOOKMARK [2][-]{subsection.2.8}{\376\377\000R\000e\000l\000a\000t\000e\000d\000\040\000W\000o\000r\000k\000\040\000a\000n\000d\000\040\000P\000o\000s\000i\000t\000i\000o\000n\000i\000n\000g}{section.2}% 17
\BOOKMARK [2][-]{subsection.2.9}{\376\377\000S\000u\000m\000m\000a\000r\000y\000\040\000o\000f\000\040\000T\000h\000e\000o\000r\000y}{section.2}% 18
\BOOKMARK [1][-]{section.3}{\376\377\000M\000e\000t\000h\000o\000d\000o\000l\000o\000g\000y}{}% 19
\BOOKMARK [2][-]{subsection.3.1}{\376\377\000R\000e\000s\000e\000a\000r\000c\000h\000\040\000A\000p\000p\000r\000o\000a\000c\000h}{section.3}% 20
\BOOKMARK [2][-]{subsection.3.2}{\376\377\000D\000e\000v\000e\000l\000o\000p\000m\000e\000n\000t\000\040\000M\000e\000t\000h\000o\000d}{section.3}% 21
\BOOKMARK [2][-]{subsection.3.3}{\376\377\000E\000v\000a\000l\000u\000a\000t\000i\000o\000n\000\040\000D\000e\000s\000i\000g\000n}{section.3}% 22
\BOOKMARK [2][-]{subsection.3.4}{\376\377\000M\000e\000t\000r\000i\000c\000s\000\040\000a\000n\000d\000\040\000D\000a\000t\000a\000\040\000C\000o\000l\000l\000e\000c\000t\000i\000o\000n}{section.3}% 23
\BOOKMARK [2][-]{subsection.3.5}{\376\377\000R\000a\000s\000p\000b\000e\000r\000r\000y\000\040\000P\000i\000\040\000V\000a\000l\000i\000d\000a\000t\000i\000o\000n\000\040\000M\000e\000t\000h\000o\000d}{section.3}% 24
\BOOKMARK [2][-]{subsection.3.6}{\376\377\000V\000a\000l\000i\000d\000i\000t\000y\000\040\000a\000n\000d\000\040\000L\000i\000m\000i\000t\000a\000t\000i\000o\000n\000s\000\040\000o\000f\000\040\000t\000h\000e\000\040\000M\000e\000t\000h\000o\000d}{section.3}% 25
\BOOKMARK [2][-]{subsection.3.7}{\376\377\000S\000u\000m\000m\000a\000r\000y\000\040\000o\000f\000\040\000M\000e\000t\000h\000o\000d}{section.3}% 26
\BOOKMARK [1][-]{section.4}{\376\377\000C\000h\000o\000i\000c\000e\000\040\000o\000f\000\040\000A\000p\000p\000r\000o\000a\000c\000h\000\040\000/\000\040\000S\000y\000s\000t\000e\000m\000\040\000D\000e\000s\000i\000g\000n}{}% 27
\BOOKMARK [2][-]{subsection.4.1}{\376\377\000D\000e\000s\000i\000g\000n\000\040\000R\000e\000q\000u\000i\000r\000e\000m\000e\000n\000t\000s\000\040\000a\000n\000d\000\040\000C\000o\000n\000s\000t\000r\000a\000i\000n\000t\000s}{section.4}% 28
\BOOKMARK [2][-]{subsection.4.2}{\376\377\000A\000l\000t\000e\000r\000n\000a\000t\000i\000v\000e\000s\000\040\000C\000o\000n\000s\000i\000d\000e\000r\000e\000d}{section.4}% 29
\BOOKMARK [2][-]{subsection.4.3}{\376\377\000C\000h\000o\000s\000e\000n\000\040\000S\000y\000s\000t\000e\000m\000\040\000D\000e\000s\000i\000g\000n}{section.4}% 30
\BOOKMARK [2][-]{subsection.4.4}{\376\377\000R\000a\000t\000i\000o\000n\000a\000l\000e\000\040\000f\000o\000r\000\040\000P\000C\000-\000H\000o\000s\000t\000e\000d\000\040\000n\0008\000n\000\040\000a\000n\000d\000\040\000R\000a\000s\000p\000b\000e\000r\000r\000y\000\040\000P\000i\000\040\000M\000i\000d\000d\000l\000e\000w\000a\000r\000e\000\040\000V\000a\000l\000i\000d\000a\000t\000i\000o\000n}{section.4}% 31
\BOOKMARK [2][-]{subsection.4.5}{\376\377\000R\000a\000t\000i\000o\000n\000a\000l\000e\000\040\000f\000o\000r\000\040\000D\000e\000t\000e\000r\000m\000i\000n\000i\000s\000t\000i\000c\000\040\000a\000n\000d\000\040\000A\000g\000e\000n\000t\000-\000E\000n\000h\000a\000n\000c\000e\000d\000\040\000P\000a\000t\000h\000s}{section.4}% 32
\BOOKMARK [2][-]{subsection.4.6}{\376\377\000R\000a\000t\000i\000o\000n\000a\000l\000e\000\040\000f\000o\000r\000\040\000M\000i\000d\000d\000l\000e\000w\000a\000r\000e\000,\000\040\000C\000o\000n\000t\000r\000a\000c\000t\000s\000,\000\040\000a\000n\000d\000\040\000V\000a\000l\000i\000d\000a\000t\000i\000o\000n}{section.4}% 33
\BOOKMARK [2][-]{subsection.4.7}{\376\377\000R\000a\000t\000i\000o\000n\000a\000l\000e\000\040\000f\000o\000r\000\040\000S\000i\000m\000u\000l\000a\000t\000e\000d\000\040\000F\000a\000n\000\040\000A\000c\000t\000i\000o\000n\000s}{section.4}% 34
\BOOKMARK [2][-]{subsection.4.8}{\376\377\000R\000a\000t\000i\000o\000n\000a\000l\000e\000\040\000f\000o\000r\000\040\000L\000i\000g\000h\000t\000w\000e\000i\000g\000h\000t\000\040\000E\000v\000a\000l\000u\000a\000t\000i\000o\000n}{section.4}% 35
\BOOKMARK [2][-]{subsection.4.9}{\376\377\000S\000u\000m\000m\000a\000r\000y\000\040\000o\000f\000\040\000C\000h\000o\000s\000e\000n\000\040\000A\000p\000p\000r\000o\000a\000c\000h}{section.4}% 36
\BOOKMARK [1][-]{section.5}{\376\377\000I\000m\000p\000l\000e\000m\000e\000n\000t\000a\000t\000i\000o\000n}{}% 37
\BOOKMARK [2][-]{subsection.5.1}{\376\377\000S\000y\000s\000t\000e\000m\000\040\000O\000v\000e\000r\000v\000i\000e\000w}{section.5}% 38
\BOOKMARK [2][-]{subsection.5.2}{\376\377\000L\000o\000c\000a\000l\000\040\000n\0008\000n\000\040\000R\000u\000n\000t\000i\000m\000e\000\040\000w\000i\000t\000h\000\040\000D\000o\000c\000k\000e\000r}{section.5}% 39
\BOOKMARK [2][-]{subsection.5.3}{\376\377\000P\000y\000t\000h\000o\000n\000\040\000M\000i\000d\000d\000l\000e\000w\000a\000r\000e\000\040\000A\000P\000I\000\040\000B\000r\000i\000d\000g\000e}{section.5}% 40
\BOOKMARK [2][-]{subsection.5.4}{\376\377\000S\000h\000a\000r\000e\000d\000\040\000J\000S\000O\000N\000\040\000C\000o\000n\000t\000r\000a\000c\000t\000s}{section.5}% 41
\BOOKMARK [2][-]{subsection.5.5}{\376\377\000D\000e\000t\000e\000r\000m\000i\000n\000i\000s\000t\000i\000c\000\040\000B\000a\000s\000e\000l\000i\000n\000e\000\040\000W\000o\000r\000k\000f\000l\000o\000w}{section.5}% 42
\BOOKMARK [2][-]{subsection.5.6}{\376\377\000A\000g\000e\000n\000t\000-\000E\000n\000h\000a\000n\000c\000e\000d\000\040\000W\000o\000r\000k\000f\000l\000o\000w}{section.5}% 43
\BOOKMARK [2][-]{subsection.5.7}{\376\377\000S\000a\000f\000e\000t\000y\000\040\000a\000n\000d\000\040\000V\000a\000l\000i\000d\000a\000t\000i\000o\000n\000\040\000D\000e\000s\000i\000g\000n}{section.5}% 44
\BOOKMARK [2][-]{subsection.5.8}{\376\377\000E\000v\000a\000l\000u\000a\000t\000i\000o\000n\000\040\000H\000a\000r\000n\000e\000s\000s}{section.5}% 45
\BOOKMARK [2][-]{subsection.5.9}{\376\377\000R\000a\000s\000p\000b\000e\000r\000r\000y\000\040\000P\000i\000\040\000M\000i\000d\000d\000l\000e\000w\000a\000r\000e\000/\000A\000c\000t\000i\000o\000n\000-\000E\000n\000d\000p\000o\000i\000n\000t\000\040\000V\000a\000l\000i\000d\000a\000t\000i\000o\000n\000\040\000S\000e\000t\000u\000p}{section.5}% 46
\BOOKMARK [2][-]{subsection.5.10}{\376\377\000S\000u\000m\000m\000a\000r\000y\000\040\000o\000f\000\040\000I\000m\000p\000l\000e\000m\000e\000n\000t\000a\000t\000i\000o\000n}{section.5}% 47
\BOOKMARK [1][-]{section.6}{\376\377\000R\000e\000s\000u\000l\000t\000s}{}% 48
\BOOKMARK [2][-]{subsection.6.1}{\376\377\000O\000v\000e\000r\000v\000i\000e\000w\000\040\000o\000f\000\040\000E\000v\000a\000l\000u\000a\000t\000e\000d\000\040\000S\000y\000s\000t\000e\000m}{section.6}% 49
\BOOKMARK [2][-]{subsection.6.2}{\376\377\000D\000e\000t\000e\000r\000m\000i\000n\000i\000s\000t\000i\000c\000\040\000B\000a\000s\000e\000l\000i\000n\000e\000\040\000R\000e\000s\000u\000l\000t\000s}{section.6}% 50
\BOOKMARK [2][-]{subsection.6.3}{\376\377\000A\000g\000e\000n\000t\000-\000E\000n\000h\000a\000n\000c\000e\000d\000\040\000W\000o\000r\000k\000f\000l\000o\000w\000\040\000R\000e\000s\000u\000l\000t\000s}{section.6}% 51
\BOOKMARK [2][-]{subsection.6.4}{\376\377\000S\000a\000f\000e\000t\000y\000\040\000a\000n\000d\000\040\000V\000a\000l\000i\000d\000a\000t\000i\000o\000n\000\040\000C\000a\000s\000e\000\040\000R\000e\000s\000u\000l\000t\000s}{section.6}% 52
\BOOKMARK [2][-]{subsection.6.5}{\376\377\000E\000v\000a\000l\000u\000a\000t\000i\000o\000n\000\040\000H\000a\000r\000n\000e\000s\000s\000\040\000O\000u\000t\000p\000u\000t\000s}{section.6}% 53
\BOOKMARK [2][-]{subsection.6.6}{\376\377\000R\000a\000s\000p\000b\000e\000r\000r\000y\000\040\000P\000i\000\040\000M\000i\000d\000d\000l\000e\000w\000a\000r\000e\000\040\000V\000a\000l\000i\000d\000a\000t\000i\000o\000n\000\040\000R\000e\000s\000u\000l\000t\000s}{section.6}% 54
\BOOKMARK [2][-]{subsection.6.7}{\376\377\000S\000u\000m\000m\000a\000r\000y\000\040\000o\000f\000\040\000R\000e\000s\000u\000l\000t\000s}{section.6}% 55
\BOOKMARK [1][-]{section.7}{\376\377\000D\000i\000s\000c\000u\000s\000s\000i\000o\000n}{}% 56
\BOOKMARK [2][-]{subsection.7.1}{\376\377\000L\000i\000m\000i\000t\000a\000t\000i\000o\000n\000s\000\040\000o\000f\000\040\000t\000h\000e\000\040\000C\000u\000r\000r\000e\000n\000t\000\040\000I\000m\000p\000l\000e\000m\000e\000n\000t\000a\000t\000i\000o\000n}{section.7}% 57
\BOOKMARK [2][-]{subsection.7.2}{\376\377\000E\000v\000i\000d\000e\000n\000c\000e\000\040\000M\000a\000p\000p\000i\000n\000g\000\040\000f\000o\000r\000\040\000t\000h\000e\000\040\000R\000e\000s\000e\000a\000r\000c\000h\000\040\000Q\000u\000e\000s\000t\000i\000o\000n\000s}{section.7}% 58
\BOOKMARK [2][-]{subsection.7.3}{\376\377\000D\000i\000s\000c\000u\000s\000s\000i\000o\000n\000\040\000o\000f\000\040\000R\000Q\0001\000:\000\040\000D\000e\000t\000e\000r\000m\000i\000n\000i\000s\000t\000i\000c\000\040\000W\000o\000r\000k\000f\000l\000o\000w\000\040\000A\000c\000c\000u\000r\000a\000c\000y}{section.7}% 59
\BOOKMARK [2][-]{subsection.7.4}{\376\377\000D\000i\000s\000c\000u\000s\000s\000i\000o\000n\000\040\000o\000f\000\040\000R\000Q\0002\000:\000\040\000A\000g\000e\000n\000t\000-\000E\000n\000h\000a\000n\000c\000e\000d\000\040\000C\000o\000n\000t\000r\000a\000c\000t\000-\000S\000h\000a\000p\000e\000d\000\040\000O\000u\000t\000p\000u\000t}{section.7}% 60
\BOOKMARK [2][-]{subsection.7.5}{\376\377\000D\000i\000s\000c\000u\000s\000s\000i\000o\000n\000\040\000o\000f\000\040\000R\000Q\0003\000:\000\040\000L\000a\000t\000e\000n\000c\000y\000,\000\040\000R\000e\000s\000o\000u\000r\000c\000e\000,\000\040\000a\000n\000d\000\040\000D\000e\000p\000l\000o\000y\000m\000e\000n\000t\000\040\000B\000e\000h\000a\000v\000i\000o\000r}{section.7}% 61
\BOOKMARK [2][-]{subsection.7.6}{\376\377\000P\000r\000o\000j\000e\000c\000t\000\040\000a\000n\000d\000\040\000W\000o\000r\000k\000\040\000M\000e\000t\000h\000o\000d\000\040\000D\000i\000s\000c\000u\000s\000s\000i\000o\000n}{section.7}% 62
\BOOKMARK [2][-]{subsection.7.7}{\376\377\000R\000o\000l\000e\000\040\000o\000f\000\040\000M\000i\000d\000d\000l\000e\000w\000a\000r\000e\000,\000\040\000C\000o\000n\000t\000r\000a\000c\000t\000s\000,\000\040\000a\000n\000d\000\040\000V\000a\000l\000i\000d\000a\000t\000i\000o\000n}{section.7}% 63
\BOOKMARK [2][-]{subsection.7.8}{\376\377\000B\000r\000o\000a\000d\000e\000r\000\040\000R\000e\000l\000e\000v\000a\000n\000c\000e\000\040\000a\000n\000d\000\040\000P\000o\000s\000s\000i\000b\000l\000e\000\040\000U\000s\000e\000\040\000C\000a\000s\000e\000s}{section.7}% 64
\BOOKMARK [2][-]{subsection.7.9}{\376\377\000E\000t\000h\000i\000c\000a\000l\000\040\000a\000n\000d\000\040\000S\000o\000c\000i\000e\000t\000a\000l\000\040\000C\000o\000n\000s\000i\000d\000e\000r\000a\000t\000i\000o\000n\000s}{section.7}% 65
\BOOKMARK [1][-]{section.8}{\376\377\000C\000o\000n\000c\000l\000u\000s\000i\000o\000n\000s}{}% 66
\BOOKMARK [2][-]{subsection.8.1}{\376\377\000A\000n\000s\000w\000e\000r\000s\000\040\000t\000o\000\040\000R\000e\000s\000e\000a\000r\000c\000h\000\040\000Q\000u\000e\000s\000t\000i\000o\000n\000s}{section.8}% 67
\BOOKMARK [2][-]{subsection.8.2}{\376\377\000F\000i\000n\000a\000l\000\040\000C\000o\000n\000c\000l\000u\000s\000i\000o\000n}{section.8}% 68
\BOOKMARK [2][-]{subsection.8.3}{\376\377\000F\000u\000t\000u\000r\000e\000\040\000W\000o\000r\000k}{section.8}% 69
\BOOKMARK [1][-]{subsection.8.3}{\376\377\000<\000R\000e\000f\000e\000r\000e\000n\000c\000e\000s\000>}{}% 70
\BOOKMARK [1][-]{appendix.A}{\376\377\000S\000o\000u\000r\000c\000e\000\040\000C\000o\000d\000e\000\040\000a\000n\000d\000\040\000A\000r\000t\000i\000f\000a\000c\000t\000s}{}% 71
\BOOKMARK [2][-]{subsection.A.1}{\376\377\000I\000m\000p\000l\000e\000m\000e\000n\000t\000a\000t\000i\000o\000n\000\040\000F\000i\000l\000e\000s}{appendix.A}% 72
\BOOKMARK [2][-]{subsection.A.2}{\376\377\000W\000o\000r\000k\000f\000l\000o\000w\000,\000\040\000P\000r\000o\000m\000p\000t\000,\000\040\000a\000n\000d\000\040\000C\000o\000n\000t\000r\000a\000c\000t\000\040\000A\000r\000t\000i\000f\000a\000c\000t\000s}{appendix.A}% 73
\BOOKMARK [2][-]{subsection.A.3}{\376\377\000S\000a\000f\000e\000t\000y\000\040\000a\000n\000d\000\040\000V\000a\000l\000i\000d\000a\000t\000i\000o\000n\000\040\000A\000r\000t\000i\000f\000a\000c\000t\000s}{appendix.A}% 74
\BOOKMARK [2][-]{subsection.A.4}{\376\377\000E\000v\000a\000l\000u\000a\000t\000i\000o\000n\000\040\000R\000e\000s\000u\000l\000t\000\040\000F\000i\000l\000e\000s}{appendix.A}% 75
\BOOKMARK [2][-]{subsection.A.5}{\376\377\000F\000i\000g\000u\000r\000e\000\040\000a\000n\000d\000\040\000S\000c\000r\000e\000e\000n\000s\000h\000o\000t\000\040\000E\000v\000i\000d\000e\000n\000c\000e}{appendix.A}% 76
